// Jest Snapshot v1, https://goo.gl/fbAQLP

exports[`Test for HookApp component Should show it correctly 1`] = `
<Fragment>
  <p>
    hi 
  </p>
</Fragment>
`;
